[www.dartfordlabourparty.org.uk/index.html]
[backblue.gif]
[fade.gif]
[index.html]
[www.dartfordlabourparty.org.uk/wp-content/themes/labour-multi-site-theme/static/img/icons/ms-icon-144x144.png]
[www.dartfordlabourparty.org.uk/wp-content/themes/labour-multi-site-theme/static/img/icons/apple-icon-57x57.png]
[www.dartfordlabourparty.org.uk/wp-content/themes/labour-multi-site-theme/static/img/icons/apple-icon-60x60.png]
[www.dartfordlabourparty.org.uk/wp-content/themes/labour-multi-site-theme/static/img/icons/apple-icon-72x72.png]
[www.dartfordlabourparty.org.uk/wp-content/themes/labour-multi-site-theme/static/img/icons/apple-icon-76x76.png]
[www.dartfordlabourparty.org.uk/wp-content/themes/labour-multi-site-theme/static/img/icons/apple-icon-114x114.png]
[www.dartfordlabourparty.org.uk/wp-content/themes/labour-multi-site-theme/static/img/icons/apple-icon-120x120.png]
[www.dartfordlabourparty.org.uk/wp-content/themes/labour-multi-site-theme/static/img/icons/apple-icon-144x144.png]
[www.dartfordlabourparty.org.uk/wp-content/themes/labour-multi-site-theme/static/img/icons/apple-icon-152x152.png]
[www.dartfordlabourparty.org.uk/wp-content/themes/labour-multi-site-theme/static/img/icons/apple-icon-180x180.png]
[www.dartfordlabourparty.org.uk/wp-content/themes/labour-multi-site-theme/static/img/icons/android-icon-192x192.png]
[www.dartfordlabourparty.org.uk/wp-content/themes/labour-multi-site-theme/static/img/icons/favicon-32x32.png]
[www.dartfordlabourparty.org.uk/wp-content/themes/labour-multi-site-theme/static/img/icons/favicon-96x96.png]
[www.dartfordlabourparty.org.uk/wp-content/themes/labour-multi-site-theme/static/img/icons/favicon-16x16.png]
[www.dartfordlabourparty.org.uk/wp-content/themes/labour-multi-site-theme/static/img/icons/favicon.png]
[www.dartfordlabourparty.org.uk/wp-content/themes/labour-multi-site-theme/static/compiled/app.min.css]
[www.dartfordlabourparty.org.uk/wp-includes/css/dist/block-library/style.min41a3.css]
[www.dartfordlabourparty.org.uk/wp-json/wp/v2/pages/5.json]
[www.dartfordlabourparty.org.uk/wp-json/index.html]
[www.dartfordlabourparty.org.uk/xmlrpc0db0.php]
[www.dartfordlabourparty.org.uk/wp-includes/wlwmanifest.xml]
[www.dartfordlabourparty.org.uk/wp-json/oembed/1.0/embed80bc.json]
[www.dartfordlabourparty.org.uk/wp-json/oembed/1.0/embed7509]
[www.dartfordlabourparty.org.uk/wp-content/uploads/sites/340/2018/07/cropped-Labour-Logo-32x32.png]
[www.dartfordlabourparty.org.uk/wp-content/uploads/sites/340/2018/07/cropped-Labour-Logo-192x192.png]
[www.dartfordlabourparty.org.uk/wp-content/uploads/sites/340/2018/07/cropped-Labour-Logo-180x180.png]
[www.dartfordlabourparty.org.uk/wp-content/themes/labour-multi-site-theme/static/img/ukLabour-logo.svg]
[www.dartfordlabourparty.org.uk/wp-content/uploads/sites/340/2018/07/Dartford-Labour-Logo-400x0-c-default.png]
[www.dartfordlabourparty.org.uk/wp-content/uploads/sites/340/2019/10/Newtown-CD-1400x0-c-default.jpg]
[www.dartfordlabourparty.org.uk/wp-content/uploads/sites/340/2018/08/Stone-House-16th-Aug-Session-e1586349653182-1400x0-c-default.jpg]
[www.dartfordlabourparty.org.uk/about/index.html]
[www.dartfordlabourparty.org.uk/volunteer/index.html]
[www.dartfordlabourparty.org.uk/contact/index.html]
[www.dartfordlabourparty.org.uk/wp-content/uploads/sites/340/2019/10/New-Labour-Group-1400x0-c-default.jpg]
[www.dartfordlabourparty.org.uk/our-councillors/index.html]
[www.dartfordlabourparty.org.uk/wp-content/uploads/sites/340/2021/05/Polling-Day-Team-scaled-600x0-c-default.jpg]
[www.dartfordlabourparty.org.uk/wp-content/uploads/sites/340/2020/03/FE608E73-D63C-4BAA-901E-80B74D41D0DF-600x0-c-default.jpg]
[www.dartfordlabourparty.org.uk/wp-content/uploads/sites/340/2020/03/79CE9D14-C922-49AF-A406-F2FD6235A243-600x0-c-default.jpg]
[www.dartfordlabourparty.org.uk/elections-2021-thank-you/index.html]
[www.dartfordlabourparty.org.uk/coronavirus-update-the-re-opening-of-our-schools/index.html]
[www.dartfordlabourparty.org.uk/wp-content/themes/labour-multi-site-theme/static/compiled/app.min.js]
[www.dartfordlabourparty.org.uk/coronavirus-update-useful-information/index.html]
[www.dartfordlabourparty.org.uk/wp-content/plugins/page-links-to/dist/new-tab46df.js]
[www.dartfordlabourparty.org.uk/index.html]
[www.dartfordlabourparty.org.uk/wp-content/themes/labour-multi-site-theme/manifest.html]
[www.dartfordlabourparty.org.uk/wp-content/themes/labour-multi-site-theme/static/compiled/app.min.css]
[www.dartfordlabourparty.org.uk/xmlrpc.php]
[www.dartfordlabourparty.org.uk/wp-includes/css/dist/block-library/style.min41a3.css]
[www.dartfordlabourparty.org.uk/wp-content/themes/labour-multi-site-theme/static/img/ukLabour-logo.svg]
[www.dartfordlabourparty.org.uk/wp-includes/js/wp-embed.min41a3.js]
[www.dartfordlabourparty.org.uk/category/latest-news/index.html]
[www.dartfordlabourparty.org.uk/wp-json/wp/v2/pages/37.json]
[www.dartfordlabourparty.org.uk/wp-json/oembed/1.0/embed1e6f.json]
[www.dartfordlabourparty.org.uk/wp-json/oembed/1.0/embedc208]
[www.dartfordlabourparty.org.uk/wp-content/uploads/sites/340/2020/04/Victoria-and-Jonathon-Knocking-Action-Shot-Greenhithe-800x0-c-default.jpg]
[www.dartfordlabourparty.org.uk/wp-includes/js/dist/vendor/regenerator-runtime.minb36a.js]
[www.dartfordlabourparty.org.uk/wp-includes/js/dist/vendor/wp-polyfill.min2c7c.js]
[www.dartfordlabourparty.org.uk/wp-includes/js/dist/dom-ready.min7354.js]
[www.dartfordlabourparty.org.uk/wp-includes/js/dist/hooks.mine16b.js]
[www.dartfordlabourparty.org.uk/wp-includes/js/dist/i18n.min71a7.js]
[www.dartfordlabourparty.org.uk/wp-includes/js/dist/a11y.minac6e.js]
[www.dartfordlabourparty.org.uk/wp-includes/js/jquery/jquery.minaf6c.js]
[www.dartfordlabourparty.org.uk/wp-includes/js/jquery/jquery-migrate.mind617.js]
[www.dartfordlabourparty.org.uk/wp-content/plugins/gravityforms/js/jquery.json.mind5a5.js]
[www.dartfordlabourparty.org.uk/volunteer/index.html]
[www.dartfordlabourparty.org.uk/wp-content/plugins/gravityforms/js/gravityforms.mind5a5.js]
[www.dartfordlabourparty.org.uk/wp-content/uploads/sites/340/2018/06/Manifesto-Session-e1586532361949-1200x630-c-center.jpg]
[www.dartfordlabourparty.org.uk/wp-json/wp/v2/pages/3.json]
[www.dartfordlabourparty.org.uk/wp-json/oembed/1.0/embedb7f1.json]
[www.dartfordlabourparty.org.uk/wp-json/oembed/1.0/embedb404]
[www.dartfordlabourparty.org.uk/wp-content/uploads/sites/340/2018/06/Manifesto-Session-e1586532361949-1200x0-c-default.jpg]
[www.dartfordlabourparty.org.uk/about/index.html]
[www.dartfordlabourparty.org.uk/wp-content/themes/labour-multi-site-theme/static/img/meta-share-image.jpg]
[www.dartfordlabourparty.org.uk/wp-json/wp/v2/pages/4.json]
[www.dartfordlabourparty.org.uk/wp-json/oembed/1.0/embedf366.json]
[www.dartfordlabourparty.org.uk/contact/index.html]
[www.dartfordlabourparty.org.uk/wp-json/oembed/1.0/embed6fff]
[www.dartfordlabourparty.org.uk/wp-json/wp/v2/pages/45.json]
[www.dartfordlabourparty.org.uk/wp-json/oembed/1.0/embedb1e9.json]
[www.dartfordlabourparty.org.uk/wp-json/oembed/1.0/embedbf20]
[www.dartfordlabourparty.org.uk/wp-content/uploads/sites/340/2019/10/F760E6EC-3988-4E62-8031-90C2E7710D74-600x0-c-default.jpg]
[www.dartfordlabourparty.org.uk/wp-content/uploads/sites/340/2019/10/06A395CB-AF5E-4232-B043-5C908C5C7592-600x0-c-default.jpg]
[www.dartfordlabourparty.org.uk/wp-content/uploads/sites/340/2020/04/Kelly-Council-Image-Landscape-600x0-c-default.jpg]
[www.dartfordlabourparty.org.uk/wp-content/uploads/sites/340/2019/11/Sacha-Council-Image-Landscape-1-600x0-c-default.jpg]
[www.dartfordlabourparty.org.uk/wp-content/uploads/sites/340/2020/04/Alina-Council-Image-Landscape-e1586522728464-600x0-c-default.jpg]
[www.dartfordlabourparty.org.uk/wp-content/uploads/sites/340/2020/04/Ricky-Council-Image-Landscape-600x0-c-default.jpg]
[www.dartfordlabourparty.org.uk/wp-content/uploads/sites/340/2019/10/80FE30BD-CD2F-4E4B-A414-0F4834268D83-600x0-c-default.jpg]
[www.dartfordlabourparty.org.uk/emma-ben-moussa/index.html]
[www.dartfordlabourparty.org.uk/wp-content/uploads/sites/340/2020/04/Romana-Council-Image-Landscape-600x0-c-default.jpg]
[www.dartfordlabourparty.org.uk/wp-content/uploads/sites/340/2020/04/Council-Photo-600x0-c-default.jpg]
[www.dartfordlabourparty.org.uk/our-councillors/index.html]
[www.dartfordlabourparty.org.uk/wp-content/uploads/sites/340/2021/05/Polling-Day-Team-scaled-1200x630-c-center.jpg]
[www.dartfordlabourparty.org.uk/victoria-oguntope/index.html]
[www.dartfordlabourparty.org.uk/kelly-grehan/index.html]
[www.dartfordlabourparty.org.uk/sacha-gosine/index.html]
[www.dartfordlabourparty.org.uk/alina-gaskin/index.html]
[www.dartfordlabourparty.org.uk/wp-json/wp/v2/posts/216.json]
[www.dartfordlabourparty.org.uk/ricky-jones/index.html]
[www.dartfordlabourparty.org.uk/wp-json/oembed/1.0/embed0125.json]
[www.dartfordlabourparty.org.uk/adrian-oakley-dow/index.html]
[www.dartfordlabourparty.org.uk/romana-gosine/index.html]
[www.dartfordlabourparty.org.uk/wp-json/oembed/1.0/embed6bb0]
[www.dartfordlabourparty.org.uk/tom-maddison/index.html]
[www.dartfordlabourparty.org.uk/wp-content/uploads/sites/340/2021/05/Polling-Day-Team-scaled-800x0-c-default.jpg]
[www.dartfordlabourparty.org.uk/elections-2021-thank-you/index.html]
[www.dartfordlabourparty.org.uk/wp-content/uploads/sites/340/2020/03/FE608E73-D63C-4BAA-901E-80B74D41D0DF-1200x630-c-center.jpg]
[www.dartfordlabourparty.org.uk/elections-2021-thank-you/feed/index.html]
[www.dartfordlabourparty.org.uk/category/our-councillors/index.html]
[www.dartfordlabourparty.org.uk/wp-json/wp/v2/posts/191.json]
[www.dartfordlabourparty.org.uk/coronavirus-update-the-re-opening-of-our-schools/feed/index.html]
[www.dartfordlabourparty.org.uk/wp-json/oembed/1.0/embed0128.json]
[www.dartfordlabourparty.org.uk/wp-json/oembed/1.0/embed625b]
[www.dartfordlabourparty.org.uk/wp-content/uploads/sites/340/2020/03/FE608E73-D63C-4BAA-901E-80B74D41D0DF-800x0-c-default.jpg]
[www.dartfordlabourparty.org.uk/coronavirus-update-the-re-opening-of-our-schools/index.html]
[www.dartfordlabourparty.org.uk/wp-content/uploads/sites/340/2020/03/79CE9D14-C922-49AF-A406-F2FD6235A243-1200x630-c-center.jpg]
[www.dartfordlabourparty.org.uk/wp-json/wp/v2/posts/165.json]
[www.dartfordlabourparty.org.uk/coronavirus-update-useful-information/feed/index.html]
[www.dartfordlabourparty.org.uk/wp-json/oembed/1.0/embed9408.json]
[www.dartfordlabourparty.org.uk/wp-json/oembed/1.0/embede4c3]
[www.dartfordlabourparty.org.uk/wp-content/uploads/sites/340/2020/03/79CE9D14-C922-49AF-A406-F2FD6235A243-800x0-c-default.jpg]
[www.dartfordlabourparty.org.uk/coronavirus-update-useful-information/index.html]
[www.dartfordlabourparty.org.uk/wp-json/wp/v2/categories/9.json]
[www.dartfordlabourparty.org.uk/wp-content/uploads/sites/340/2019/10/New-Labour-Group-600x0-c-default.jpg]
[www.dartfordlabourparty.org.uk/category/latest-news/feed/index.html]
[www.dartfordlabourparty.org.uk/wp-content/uploads/sites/340/2018/09/Money-600x0-c-default.jpg]
[www.dartfordlabourparty.org.uk/wp-content/uploads/sites/340/2020/03/Int-Womens-Day-600x0-c-default.jpg]
[www.dartfordlabourparty.org.uk/wp-content/uploads/sites/340/2019/10/492-600x0-c-default.jpg]
[www.dartfordlabourparty.org.uk/coronavirus-update-tuesday-17th-march/index.html]
[www.dartfordlabourparty.org.uk/wp-content/uploads/sites/340/2019/10/Princes-CD-600x0-c-default.jpg]
[www.dartfordlabourparty.org.uk/category/latest-news/index.html]
[www.dartfordlabourparty.org.uk/index4837.html]
[www.dartfordlabourparty.org.uk/index2207.html]
[www.dartfordlabourparty.org.uk/index5c7e.html]
[www.dartfordlabourparty.org.uk/dartford-labour-response-to-government-budget-2020/index.html]
[www.dartfordlabourparty.org.uk/coronavirus-update-councillors-surgeries-suspended/index.html]
[www.dartfordlabourparty.org.uk/index5e74.html]
[www.dartfordlabourparty.org.uk/dartford-labour-celebrates-international-womens-day/index.html]
[www.dartfordlabourparty.org.uk/our-new-team-for-dartford-2019/index.html]
[www.dartfordlabourparty.org.uk/thank-you-may-2019/index.html]
[www.dartfordlabourparty.org.uk/wp-content/uploads/sites/340/2019/10/F760E6EC-3988-4E62-8031-90C2E7710D74-1200x630-c-center.jpg]
[www.dartfordlabourparty.org.uk/wp-json/wp/v2/posts/126.json]
[www.dartfordlabourparty.org.uk/emma-ben-moussa/feed/index.html]
[www.dartfordlabourparty.org.uk/wp-json/oembed/1.0/embed4094.json]
[www.dartfordlabourparty.org.uk/wp-json/oembed/1.0/embedb186]
[www.dartfordlabourparty.org.uk/wp-content/uploads/sites/340/2019/10/F760E6EC-3988-4E62-8031-90C2E7710D74-800x0-c-default.jpg]
[www.dartfordlabourparty.org.uk/wp-content/uploads/sites/340/2019/01/Emma-Claire-Broomfield-e1586361394376-800x0-c-default.jpg]
[www.dartfordlabourparty.org.uk/emma-ben-moussa/index.html]
[www.dartfordlabourparty.org.uk/wp-content/uploads/sites/340/2019/10/06A395CB-AF5E-4232-B043-5C908C5C7592-1200x630-c-center.jpg]
[www.dartfordlabourparty.org.uk/wp-json/wp/v2/posts/171.json]
[www.dartfordlabourparty.org.uk/victoria-oguntope/feed/index.html]
[www.dartfordlabourparty.org.uk/wp-json/oembed/1.0/embed6aa4.json]
[www.dartfordlabourparty.org.uk/wp-json/oembed/1.0/embedbe30]
[www.dartfordlabourparty.org.uk/wp-content/uploads/sites/340/2019/10/06A395CB-AF5E-4232-B043-5C908C5C7592-800x0-c-default.jpg]
[www.dartfordlabourparty.org.uk/victoria-oguntope/index.html]
[www.dartfordlabourparty.org.uk/wp-content/uploads/sites/340/2020/04/Kelly-Council-Image-Landscape-1200x630-c-center.jpg]
[www.dartfordlabourparty.org.uk/wp-json/wp/v2/posts/176.json]
[www.dartfordlabourparty.org.uk/kelly-grehan/feed/index.html]
[www.dartfordlabourparty.org.uk/wp-json/oembed/1.0/embed266e.json]
[www.dartfordlabourparty.org.uk/wp-json/oembed/1.0/embed30de]
[www.dartfordlabourparty.org.uk/wp-content/uploads/sites/340/2020/04/Kelly-Council-Image-Landscape-800x0-c-default.jpg]
[www.dartfordlabourparty.org.uk/wp-content/uploads/sites/340/2020/04/Kelly-Toy-Appeal-KMTV-800x0-c-default.jpg]
[www.dartfordlabourparty.org.uk/wp-content/uploads/sites/340/2020/04/Kelly-St-Johns-Image-e1586549745364-800x0-c-default.jpg]
[www.dartfordlabourparty.org.uk/kelly-grehan/index.html]
[www.dartfordlabourparty.org.uk/wp-content/uploads/sites/340/2019/11/Sacha-Council-Image-Landscape-1-1200x630-c-center.jpg]
[www.dartfordlabourparty.org.uk/wp-json/wp/v2/posts/182.json]
[www.dartfordlabourparty.org.uk/sacha-gosine/feed/index.html]
[www.dartfordlabourparty.org.uk/wp-json/oembed/1.0/embedbb3a.json]
[www.dartfordlabourparty.org.uk/wp-json/oembed/1.0/embed7dd7]
[www.dartfordlabourparty.org.uk/wp-content/uploads/sites/340/2019/11/Sacha-Council-Image-Landscape-1-800x0-c-default.jpg]
[www.dartfordlabourparty.org.uk/sacha-gosine/index.html]
[www.dartfordlabourparty.org.uk/wp-content/uploads/sites/340/2020/04/Alina-Council-Image-Landscape-e1586522728464-1200x630-c-center.jpg]
[www.dartfordlabourparty.org.uk/wp-json/wp/v2/posts/172.json]
[www.dartfordlabourparty.org.uk/alina-gaskin/feed/index.html]
[www.dartfordlabourparty.org.uk/wp-json/oembed/1.0/embed9efe.json]
[www.dartfordlabourparty.org.uk/wp-json/oembed/1.0/embed5819]
[www.dartfordlabourparty.org.uk/wp-content/uploads/sites/340/2020/04/Alina-Council-Image-Landscape-e1586522728464-800x0-c-default.jpg]
[www.dartfordlabourparty.org.uk/alina-gaskin/index.html]
[www.dartfordlabourparty.org.uk/wp-content/uploads/sites/340/2020/04/Ricky-Council-Image-Landscape-1200x630-c-center.jpg]
[www.dartfordlabourparty.org.uk/wp-json/wp/v2/posts/178.json]
[www.dartfordlabourparty.org.uk/ricky-jones/feed/index.html]
[www.dartfordlabourparty.org.uk/wp-json/oembed/1.0/embedef03.json]
[www.dartfordlabourparty.org.uk/wp-json/oembed/1.0/embedb73c]
[www.dartfordlabourparty.org.uk/wp-content/uploads/sites/340/2020/04/Ricky-Council-Image-Landscape-800x0-c-default.jpg]
[www.dartfordlabourparty.org.uk/ricky-jones/index.html]
[www.dartfordlabourparty.org.uk/wp-content/uploads/sites/340/2019/10/80FE30BD-CD2F-4E4B-A414-0F4834268D83-1200x630-c-center.jpg]
[www.dartfordlabourparty.org.uk/wp-json/wp/v2/posts/148.json]
[www.dartfordlabourparty.org.uk/adrian-oakley-dow/feed/index.html]
[www.dartfordlabourparty.org.uk/wp-json/oembed/1.0/embedf473.json]
[www.dartfordlabourparty.org.uk/wp-json/oembed/1.0/embed24e7]
[www.dartfordlabourparty.org.uk/wp-content/uploads/sites/340/2019/10/80FE30BD-CD2F-4E4B-A414-0F4834268D83-800x0-c-default.jpg]
[www.dartfordlabourparty.org.uk/adrian-oakley-dow/index.html]
[www.dartfordlabourparty.org.uk/wp-content/uploads/sites/340/2020/04/Romana-Council-Image-Landscape-1200x630-c-center.jpg]
[www.dartfordlabourparty.org.uk/wp-json/wp/v2/posts/180.json]
[www.dartfordlabourparty.org.uk/wp-json/oembed/1.0/embed29c8.json]
[www.dartfordlabourparty.org.uk/romana-gosine/feed/index.html]
[www.dartfordlabourparty.org.uk/wp-json/oembed/1.0/embedb99b]
[www.dartfordlabourparty.org.uk/wp-content/uploads/sites/340/2020/04/Romana-Council-Image-Landscape-800x0-c-default.jpg]
[www.dartfordlabourparty.org.uk/romana-gosine/index.html]
[www.dartfordlabourparty.org.uk/wp-content/uploads/sites/340/2020/04/Council-Photo-1200x630-c-center.jpg]
[www.dartfordlabourparty.org.uk/wp-json/wp/v2/posts/174.json]
[www.dartfordlabourparty.org.uk/tom-maddison/feed/index.html]
[www.dartfordlabourparty.org.uk/wp-json/oembed/1.0/embed0fdc.json]
[www.dartfordlabourparty.org.uk/wp-json/oembed/1.0/embed1070]
[www.dartfordlabourparty.org.uk/wp-content/uploads/sites/340/2020/04/Council-Photo-800x0-c-default.jpg]
[www.dartfordlabourparty.org.uk/tom-maddison/index.html]
[www.dartfordlabourparty.org.uk/category/our-councillors/index.html]
[www.dartfordlabourparty.org.uk/index4659.html]
[www.dartfordlabourparty.org.uk/indexbbbf.html]
[www.dartfordlabourparty.org.uk/index17d5.html]
[www.dartfordlabourparty.org.uk/wp-json/wp/v2/categories/6.json]
[www.dartfordlabourparty.org.uk/category/our-councillors/feed/index.html]
[www.dartfordlabourparty.org.uk/wp-json/wp/v2/posts/161.json]
[www.dartfordlabourparty.org.uk/coronavirus-update-tuesday-17th-march/feed/index.html]
[www.dartfordlabourparty.org.uk/wp-json/oembed/1.0/embed1b29.json]
[www.dartfordlabourparty.org.uk/coronavirus-update-tuesday-17th-march/index.html]
[www.dartfordlabourparty.org.uk/wp-json/oembed/1.0/embed19cc]
[www.dartfordlabourparty.org.uk/wp-content/uploads/sites/340/2019/10/New-Labour-Group-1200x630-c-center.jpg]
[www.dartfordlabourparty.org.uk/wp-json/wp/v2/posts/160.json]
[www.dartfordlabourparty.org.uk/coronavirus-update-councillors-surgeries-suspended/feed/index.html]
[www.dartfordlabourparty.org.uk/wp-json/oembed/1.0/embedc4b4.json]
[www.dartfordlabourparty.org.uk/wp-json/oembed/1.0/embedc289]
[www.dartfordlabourparty.org.uk/wp-content/uploads/sites/340/2019/10/New-Labour-Group-800x0-c-default.jpg]
[www.dartfordlabourparty.org.uk/coronavirus-update-councillors-surgeries-suspended/index.html]
[www.dartfordlabourparty.org.uk/wp-content/uploads/sites/340/2018/09/Money-1200x630-c-center.jpg]
[www.dartfordlabourparty.org.uk/wp-json/wp/v2/posts/158.json]
[www.dartfordlabourparty.org.uk/dartford-labour-response-to-government-budget-2020/feed/index.html]
[www.dartfordlabourparty.org.uk/wp-json/oembed/1.0/embedb4bf.json]
[www.dartfordlabourparty.org.uk/wp-json/oembed/1.0/embed10b0]
[www.dartfordlabourparty.org.uk/wp-content/uploads/sites/340/2018/09/Money-800x0-c-default.jpg]
[www.dartfordlabourparty.org.uk/dartford-labour-response-to-government-budget-2020/index.html]
[www.dartfordlabourparty.org.uk/wp-content/uploads/sites/340/2020/03/Int-Womens-Day-1200x630-c-center.jpg]
[www.dartfordlabourparty.org.uk/wp-json/wp/v2/posts/155.json]
[www.dartfordlabourparty.org.uk/dartford-labour-celebrates-international-womens-day/feed/index.html]
[www.dartfordlabourparty.org.uk/wp-json/oembed/1.0/embed9478.json]
[www.dartfordlabourparty.org.uk/wp-json/oembed/1.0/embed47fb]
[www.dartfordlabourparty.org.uk/wp-content/uploads/sites/340/2020/03/Int-Womens-Day-800x0-c-default.jpg]
[www.dartfordlabourparty.org.uk/wp-content/uploads/sites/340/2020/03/Luke-Hart-800x0-c-default.jpg]
[www.dartfordlabourparty.org.uk/dartford-labour-celebrates-international-womens-day/index.html]
[www.dartfordlabourparty.org.uk/wp-content/uploads/sites/340/2019/10/492-1200x630-c-center.jpg]
[www.dartfordlabourparty.org.uk/wp-json/wp/v2/posts/144.json]
[www.dartfordlabourparty.org.uk/our-new-team-for-dartford-2019/feed/index.html]
[www.dartfordlabourparty.org.uk/wp-json/oembed/1.0/embed5bea.json]
[www.dartfordlabourparty.org.uk/wp-json/oembed/1.0/embed9106]
[www.dartfordlabourparty.org.uk/wp-content/uploads/sites/340/2019/10/492-1600x0-c-default.jpg]
[www.dartfordlabourparty.org.uk/our-new-team-for-dartford-2019/index.html]
[www.dartfordlabourparty.org.uk/wp-content/uploads/sites/340/2019/10/Princes-CD-1200x630-c-center.jpg]
[www.dartfordlabourparty.org.uk/wp-json/wp/v2/posts/133.json]
[www.dartfordlabourparty.org.uk/thank-you-may-2019/feed/index.html]
[www.dartfordlabourparty.org.uk/wp-json/oembed/1.0/embedc064.json]
[www.dartfordlabourparty.org.uk/wp-json/oembed/1.0/embedeacc]
[www.dartfordlabourparty.org.uk/wp-content/uploads/sites/340/2019/10/Princes-CD-800x0-c-default.jpg]
[www.dartfordlabourparty.org.uk/thank-you-may-2019/index.html]
[www.dartfordlabourparty.org.uk/index4ab3.html]
[www.dartfordlabourparty.org.uk/indexa828.html]
[www.dartfordlabourparty.org.uk/index3440.html]
[www.dartfordlabourparty.org.uk/index7b17.html]
[www.dartfordlabourparty.org.uk/indexf4d1.html]
[www.dartfordlabourparty.org.uk/indexb50d.html]
[www.dartfordlabourparty.org.uk/indexa36b.html]
[www.dartfordlabourparty.org.uk/index2586.html]
[www.dartfordlabourparty.org.uk/index0325.html]
[www.dartfordlabourparty.org.uk/index8816.html]
[www.dartfordlabourparty.org.uk/index9c2b.html]
[www.dartfordlabourparty.org.uk/index8af0.html]
[www.dartfordlabourparty.org.uk/index43b2.html]
[www.dartfordlabourparty.org.uk/index421d.html]
[www.dartfordlabourparty.org.uk/index9c49.html]
